// Jest Snapshot v1, https://goo.gl/fbAQLP

exports[`App tests should render default App component 1`] = `
<BrowserRouter>
  <AppLayout>
    <AppRoutes />
  </AppLayout>
</BrowserRouter>
`;
