// Jest Snapshot v1, https://goo.gl/fbAQLP

exports[`App tests should render default App component 1`] = `
<div
  className="app-container"
>
  <div
    className="notification-container"
  >
    <Alert
      action={
        <Button
          aria-label={null}
          className="dismiss-notification"
          component="button"
          isActive={false}
          isBlock={false}
          isDisabled={false}
          isFocus={false}
          isHover={false}
          onClick={[Function]}
          type="button"
          variant="secondary"
        >
          Dismiss
        </Button>
      }
      className=""
      title="Setup Complete"
      variant="success"
      variantLabel={null}
    >
      You have successfully launched your patternfly starter project.
    </Alert>
  </div>
</div>
`;
